2026-05-22 08:51:55,722 [INFO] ================================================================================
2026-05-22 08:51:55,722 [INFO] Yemat waitress server start
2026-05-22 08:51:55,722 [INFO] URL: http://0.0.0.0:5000
2026-05-22 08:51:55,722 [INFO] threads: 12
2026-05-22 08:51:55,722 [INFO] connection_limit: 200
2026-05-22 08:51:55,722 [INFO] channel_timeout: 60s
2026-05-22 08:51:55,722 [INFO] ================================================================================
2026-05-22 08:59:44,134 [INFO] ================================================================================
2026-05-22 08:59:44,134 [INFO] Yemat waitress server start
2026-05-22 08:59:44,134 [INFO] URL: http://0.0.0.0:8080
2026-05-22 08:59:44,135 [INFO] threads: 12
2026-05-22 08:59:44,135 [INFO] connection_limit: 200
2026-05-22 08:59:44,135 [INFO] channel_timeout: 60s
2026-05-22 08:59:44,135 [INFO] ================================================================================
2026-05-22 09:56:27,494 [INFO] ================================================================================
2026-05-22 09:56:27,494 [INFO] Yemat waitress server start
2026-05-22 09:56:27,494 [INFO] URL: http://0.0.0.0:8080
2026-05-22 09:56:27,494 [INFO] threads: 12
2026-05-22 09:56:27,494 [INFO] connection_limit: 200
2026-05-22 09:56:27,494 [INFO] channel_timeout: 60s
2026-05-22 09:56:27,494 [INFO] ================================================================================
2026-05-22 09:57:46,383 [INFO] ================================================================================
2026-05-22 09:57:46,384 [INFO] Yemat waitress server start
2026-05-22 09:57:46,384 [INFO] URL: http://0.0.0.0:8080
2026-05-22 09:57:46,384 [INFO] threads: 12
2026-05-22 09:57:46,384 [INFO] connection_limit: 200
2026-05-22 09:57:46,384 [INFO] channel_timeout: 60s
2026-05-22 09:57:46,384 [INFO] ================================================================================
2026-05-22 10:01:35,107 [INFO] ================================================================================
2026-05-22 10:01:35,108 [INFO] Yemat waitress server start
2026-05-22 10:01:35,108 [INFO] URL: http://0.0.0.0:8080
2026-05-22 10:01:35,108 [INFO] threads: 12
2026-05-22 10:01:35,108 [INFO] connection_limit: 200
2026-05-22 10:01:35,108 [INFO] channel_timeout: 60s
2026-05-22 10:01:35,108 [INFO] ================================================================================
2026-05-22 10:04:21,555 [INFO] ================================================================================
2026-05-22 10:04:21,555 [INFO] Yemat waitress server start
2026-05-22 10:04:21,555 [INFO] URL: http://0.0.0.0:8080
2026-05-22 10:04:21,555 [INFO] threads: 12
2026-05-22 10:04:21,555 [INFO] connection_limit: 200
2026-05-22 10:04:21,555 [INFO] channel_timeout: 60s
2026-05-22 10:04:21,555 [INFO] ================================================================================
2026-05-22 12:43:56,243 [INFO] ================================================================================
2026-05-22 12:43:56,243 [INFO] Yemat waitress server start
2026-05-22 12:43:56,243 [INFO] URL: http://0.0.0.0:8080
2026-05-22 12:43:56,243 [INFO] threads: 12
2026-05-22 12:43:56,243 [INFO] connection_limit: 200
2026-05-22 12:43:56,243 [INFO] channel_timeout: 60s
2026-05-22 12:43:56,243 [INFO] ================================================================================
2026-05-22 12:44:10,109 [INFO] ================================================================================
2026-05-22 12:44:10,110 [INFO] Yemat waitress server start
2026-05-22 12:44:10,110 [INFO] URL: http://0.0.0.0:8080
2026-05-22 12:44:10,110 [INFO] threads: 12
2026-05-22 12:44:10,110 [INFO] connection_limit: 200
2026-05-22 12:44:10,110 [INFO] channel_timeout: 60s
2026-05-22 12:44:10,110 [INFO] ================================================================================
2026-05-22 12:49:22,704 [INFO] ================================================================================
2026-05-22 12:49:22,705 [INFO] Yemat waitress server start
2026-05-22 12:49:22,705 [INFO] URL: http://0.0.0.0:8080
2026-05-22 12:49:22,705 [INFO] threads: 12
2026-05-22 12:49:22,705 [INFO] connection_limit: 200
2026-05-22 12:49:22,705 [INFO] channel_timeout: 60s
2026-05-22 12:49:22,705 [INFO] ================================================================================
2026-05-22 12:57:19,893 [INFO] ================================================================================
2026-05-22 12:57:19,893 [INFO] Yemat waitress server start
2026-05-22 12:57:19,893 [INFO] URL: http://0.0.0.0:8080
2026-05-22 12:57:19,893 [INFO] threads: 12
2026-05-22 12:57:19,894 [INFO] connection_limit: 200
2026-05-22 12:57:19,894 [INFO] channel_timeout: 60s
2026-05-22 12:57:19,894 [INFO] ================================================================================
2026-05-22 14:33:17,540 [INFO] ================================================================================
2026-05-22 14:33:17,540 [INFO] Yemat waitress server start
2026-05-22 14:33:17,540 [INFO] URL: http://0.0.0.0:8080
2026-05-22 14:33:17,540 [INFO] threads: 12
2026-05-22 14:33:17,540 [INFO] connection_limit: 200
2026-05-22 14:33:17,540 [INFO] channel_timeout: 60s
2026-05-22 14:33:17,540 [INFO] ================================================================================
2026-05-22 15:49:32,319 [INFO] ================================================================================
2026-05-22 15:49:32,319 [INFO] Yemat waitress server start
2026-05-22 15:49:32,319 [INFO] URL: http://0.0.0.0:8080
2026-05-22 15:49:32,319 [INFO] threads: 12
2026-05-22 15:49:32,320 [INFO] connection_limit: 200
2026-05-22 15:49:32,320 [INFO] channel_timeout: 60s
2026-05-22 15:49:32,320 [INFO] ================================================================================
2026-05-22 16:03:02,463 [INFO] ================================================================================
2026-05-22 16:03:02,464 [INFO] Yemat waitress server start
2026-05-22 16:03:02,464 [INFO] URL: http://0.0.0.0:8080
2026-05-22 16:03:02,464 [INFO] threads: 12
2026-05-22 16:03:02,464 [INFO] connection_limit: 200
2026-05-22 16:03:02,464 [INFO] channel_timeout: 60s
2026-05-22 16:03:02,464 [INFO] ================================================================================
2026-05-22 17:29:54,072 [INFO] ================================================================================
2026-05-22 17:29:54,072 [INFO] Yemat waitress server start
2026-05-22 17:29:54,072 [INFO] URL: http://0.0.0.0:8080
2026-05-22 17:29:54,072 [INFO] threads: 12
2026-05-22 17:29:54,073 [INFO] connection_limit: 200
2026-05-22 17:29:54,073 [INFO] channel_timeout: 60s
2026-05-22 17:29:54,073 [INFO] ================================================================================
2026-05-22 17:32:45,794 [INFO] ================================================================================
2026-05-22 17:32:45,794 [INFO] Yemat waitress server start
2026-05-22 17:32:45,794 [INFO] URL: http://0.0.0.0:8080
2026-05-22 17:32:45,794 [INFO] threads: 12
2026-05-22 17:32:45,794 [INFO] connection_limit: 200
2026-05-22 17:32:45,794 [INFO] channel_timeout: 60s
2026-05-22 17:32:45,794 [INFO] ================================================================================
2026-05-22 17:36:47,619 [INFO] ================================================================================
2026-05-22 17:36:47,619 [INFO] Yemat waitress server start
2026-05-22 17:36:47,619 [INFO] URL: http://0.0.0.0:8080
2026-05-22 17:36:47,620 [INFO] threads: 12
2026-05-22 17:36:47,620 [INFO] connection_limit: 200
2026-05-22 17:36:47,620 [INFO] channel_timeout: 60s
2026-05-22 17:36:47,620 [INFO] ================================================================================
2026-05-22 17:38:04,465 [INFO] ================================================================================
2026-05-22 17:38:04,465 [INFO] Yemat waitress server start
2026-05-22 17:38:04,465 [INFO] URL: http://0.0.0.0:8080
2026-05-22 17:38:04,465 [INFO] threads: 12
2026-05-22 17:38:04,465 [INFO] connection_limit: 200
2026-05-22 17:38:04,466 [INFO] channel_timeout: 60s
2026-05-22 17:38:04,466 [INFO] ================================================================================
2026-05-22 17:45:10,807 [INFO] ================================================================================
2026-05-22 17:45:10,807 [INFO] Yemat waitress server start
2026-05-22 17:45:10,807 [INFO] URL: http://0.0.0.0:8080
2026-05-22 17:45:10,807 [INFO] threads: 12
2026-05-22 17:45:10,807 [INFO] connection_limit: 200
2026-05-22 17:45:10,807 [INFO] channel_timeout: 60s
2026-05-22 17:45:10,807 [INFO] ================================================================================
2026-05-22 17:48:45,697 [INFO] ================================================================================
2026-05-22 17:48:45,697 [INFO] Yemat waitress server start
2026-05-22 17:48:45,697 [INFO] URL: http://0.0.0.0:8080
2026-05-22 17:48:45,697 [INFO] threads: 12
2026-05-22 17:48:45,697 [INFO] connection_limit: 200
2026-05-22 17:48:45,697 [INFO] channel_timeout: 60s
2026-05-22 17:48:45,697 [INFO] ================================================================================
2026-05-22 17:50:44,795 [INFO] ================================================================================
2026-05-22 17:50:44,795 [INFO] Yemat waitress server start
2026-05-22 17:50:44,795 [INFO] URL: http://0.0.0.0:8080
2026-05-22 17:50:44,795 [INFO] threads: 12
2026-05-22 17:50:44,795 [INFO] connection_limit: 200
2026-05-22 17:50:44,795 [INFO] channel_timeout: 60s
2026-05-22 17:50:44,795 [INFO] ================================================================================
2026-05-22 17:51:42,518 [INFO] ================================================================================
2026-05-22 17:51:42,518 [INFO] Yemat waitress server start
2026-05-22 17:51:42,518 [INFO] URL: http://0.0.0.0:8080
2026-05-22 17:51:42,518 [INFO] threads: 12
2026-05-22 17:51:42,519 [INFO] connection_limit: 200
2026-05-22 17:51:42,519 [INFO] channel_timeout: 60s
2026-05-22 17:51:42,519 [INFO] ================================================================================
2026-05-22 18:03:15,728 [INFO] ================================================================================
2026-05-22 18:03:15,728 [INFO] Yemat waitress server start
2026-05-22 18:03:15,728 [INFO] URL: http://0.0.0.0:8080
2026-05-22 18:03:15,728 [INFO] threads: 12
2026-05-22 18:03:15,728 [INFO] connection_limit: 200
2026-05-22 18:03:15,729 [INFO] channel_timeout: 60s
2026-05-22 18:03:15,729 [INFO] ================================================================================
